// Jest Snapshot v1, https://goo.gl/fbAQLP

exports[`Item renders snapshot 1`] = `
<div
  class="col-6 d-flex align-items-stretch container card-group"
>
  <div
    class="shadow card"
  >
    <img
      alt="SpaceX"
      class="card-img card-img-top"
      src="url1"
    />
    <div
      class="card-body"
    >
      <div
        class="card-title h5"
      >
        Rocket One
      </div>
      <p
        class="item-description card-text"
      >
        Falcon 9 is a two-stage rocket designed and manufactured by SpaceX for the reliable and safe transport of satellites and the Dragon spacecraft into orbit.
      </p>
      <button>
        Details
      </button>
    </div>
  </div>
</div>
`;
